Component: ARM Compiler 5.06 update 6 (build 750) Tool: armlink [4d35ed]

==============================================================================

Section Cross References

    main.o(.text) refers to misc.o(.text) for NVIC_PriorityGroupConfig
    main.o(.text) refers to delay.o(.text) for delay_init
    main.o(.text) refers to usart.o(.text) for uart_init
    main.o(.text) refers to led.o(.text) for LED_Init
    main.o(.text) refers to lcd.o(.text) for LCD_Init
    main.o(.text) refers to key.o(.text) for KEY_Init
    main.o(.text) refers to sram.o(.text) for FSMC_SRAM_Init
    main.o(.text) refers to bsp_ads1292.o(.text) for ADS1292_Init
    main.o(.text) refers to printf5.o(i.__0printf$5) for __2printf
    main.o(.text) refers to lv_obj.o(.text) for lv_init
    main.o(.text) refers to lv_port_disp.o(.text) for lv_port_disp_init
    main.o(.text) refers to lv_port_indev.o(.text) for lv_port_indev_init
    main.o(.text) refers to lv_chart_init.o(.text) for lv_chart_init
    main.o(.text) refers to ecg_data_process.o(.text) for EcgUsartSendInit
    main.o(.text) refers to ecg_lpf_filter.o(.text) for arm_fir_Init
    main.o(.text) refers to ecg_heart_rate.o(.text) for ecg_start_heart_rate
    main.o(.text) refers to lmt70.o(.text) for lmt70_init
    main.o(.text) refers to timer.o(.text) for TIM3_Int_Init
    main.o(.text) refers to lv_task.o(.text) for lv_task_handler
    main.o(.text) refers to touch.o(.data) for tp_dev
    system_stm32f4xx.o(.text) refers to system_stm32f4xx.o(.data) for SystemCoreClock
    led.o(.text) refers to stm32f4xx_rcc.o(.text) for RCC_AHB1PeriphClockCmd
    led.o(.text) refers to stm32f4xx_gpio.o(.text) for GPIO_Init
    lcd.o(.text) refers to delay.o(.text) for delay_us
    lcd.o(.text) refers to lcd.o(.bss) for lcddev
    lcd.o(.text) refers to lcd.o(.data) for POINT_COLOR
    lcd.o(.text) refers to dfltui.o(.text) for __aeabi_ui2d
    lcd.o(.text) refers to dmul.o(.text) for __aeabi_dmul
    lcd.o(.text) refers to dfixui.o(.text) for __aeabi_d2uiz
    lcd.o(.text) refers to stm32f4xx_rcc.o(.text) for RCC_AHB1PeriphClockCmd
    lcd.o(.text) refers to stm32f4xx_gpio.o(.text) for GPIO_Init
    lcd.o(.text) refers to stm32f4xx_fsmc.o(.text) for FSMC_NORSRAMInit
    lcd.o(.text) refers to printf5.o(i.__0printf$5) for __2printf
    lcd.o(.text) refers to lcd.o(.constdata) for asc2_1206
    key.o(.text) refers to stm32f4xx_rcc.o(.text) for RCC_AHB1PeriphClockCmd
    key.o(.text) refers to stm32f4xx_gpio.o(.text) for GPIO_Init
    key.o(.text) refers to delay.o(.text) for delay_ms
    key.o(.text) refers to key.o(.data) for key_up
    myiic.o(.text) refers to stm32f4xx_rcc.o(.text) for RCC_AHB1PeriphClockCmd
    myiic.o(.text) refers to stm32f4xx_gpio.o(.text) for GPIO_Init
    myiic.o(.text) refers to delay.o(.text) for delay_us
    24cxx.o(.text) refers to myiic.o(.text) for IIC_Init
    24cxx.o(.text) refers to delay.o(.text) for delay_ms
    ctiic.o(.text) refers to delay.o(.text) for delay_us
    ctiic.o(.text) refers to stm32f4xx_rcc.o(.text) for RCC_AHB1PeriphClockCmd
    ctiic.o(.text) refers to stm32f4xx_gpio.o(.text) for GPIO_Init
    gt9147.o(.text) refers to ctiic.o(.text) for CT_IIC_Start
    gt9147.o(.text) refers to stm32f4xx_rcc.o(.text) for RCC_AHB1PeriphClockCmd
    gt9147.o(.text) refers to stm32f4xx_gpio.o(.text) for GPIO_Init
    gt9147.o(.text) refers to delay.o(.text) for delay_ms
    gt9147.o(.text) refers to printf5.o(i.__0printf$5) for __2printf
    gt9147.o(.text) refers to strcmp.o(.text) for strcmp
    gt9147.o(.text) refers to gt9147.o(.constdata) for GT9147_CFG_TBL
    gt9147.o(.text) refers to gt9147.o(.data) for t
    gt9147.o(.text) refers to touch.o(.data) for tp_dev
    gt9147.o(.text) refers to lcd.o(.bss) for lcddev
    ott2001a.o(.text) refers to ctiic.o(.text) for CT_IIC_Start
    ott2001a.o(.text) refers to stm32f4xx_rcc.o(.text) for RCC_AHB1PeriphClockCmd
    ott2001a.o(.text) refers to stm32f4xx_gpio.o(.text) for GPIO_Init
    ott2001a.o(.text) refers to delay.o(.text) for delay_ms
    ott2001a.o(.text) refers to printf5.o(i.__0printf$5) for __2printf
    ott2001a.o(.text) refers to dflti.o(.text) for __aeabi_i2d
    ott2001a.o(.text) refers to dmul.o(.text) for __aeabi_dmul
    ott2001a.o(.text) refers to dfixui.o(.text) for __aeabi_d2uiz
    ott2001a.o(.text) refers to dadd.o(.text) for __aeabi_drsub
    ott2001a.o(.text) refers to ott2001a.o(.data) for t
    ott2001a.o(.text) refers to touch.o(.data) for tp_dev
    ott2001a.o(.text) refers to ott2001a.o(.constdata) for OTT_TPX_TBL
    ft5206.o(.text) refers to ctiic.o(.text) for CT_IIC_Start
    ft5206.o(.text) refers to stm32f4xx_rcc.o(.text) for RCC_AHB1PeriphClockCmd
    ft5206.o(.text) refers to stm32f4xx_gpio.o(.text) for GPIO_Init
    ft5206.o(.text) refers to delay.o(.text) for delay_ms
    ft5206.o(.text) refers to printf5.o(i.__0printf$5) for __2printf
    ft5206.o(.text) refers to ft5206.o(.data) for t
    ft5206.o(.text) refers to touch.o(.data) for tp_dev
[...]
    lv_img_cache_set_size                    0x0801d36b   Thumb Code   142  lv_img_cache.o(.text)
    lv_img_decoder_built_in_close            0x0801d415   Thumb Code    42  lv_img_decoder.o(.text)
    lv_img_decoder_set_close_cb              0x0801d43f   Thumb Code     4  lv_img_decoder.o(.text)
    lv_img_decoder_built_in_read_line        0x0801d771   Thumb Code   200  lv_img_decoder.o(.text)
    lv_img_decoder_set_read_line_cb          0x0801d839   Thumb Code     4  lv_img_decoder.o(.text)
    lv_img_decoder_built_in_open             0x0801d83d   Thumb Code   482  lv_img_decoder.o(.text)
    lv_img_decoder_set_open_cb               0x0801da1f   Thumb Code     4  lv_img_decoder.o(.text)
    lv_img_decoder_built_in_info             0x0801da23   Thumb Code   122  lv_img_decoder.o(.text)
    lv_img_decoder_set_info_cb               0x0801da9d   Thumb Code     4  lv_img_decoder.o(.text)
    lv_img_decoder_create                    0x0801daa1   Thumb Code    56  lv_img_decoder.o(.text)
    _lv_img_decoder_init                     0x0801dad9   Thumb Code    92  lv_img_decoder.o(.text)
    lv_img_decoder_get_info                  0x0801db35   Thumb Code   100  lv_img_decoder.o(.text)
    lv_img_decoder_open                      0x0801db99   Thumb Code   152  lv_img_decoder.o(.text)
    lv_img_decoder_read_line                 0x0801dc31   Thumb Code    52  lv_img_decoder.o(.text)
    lv_img_decoder_close                     0x0801dc65   Thumb Code    40  lv_img_decoder.o(.text)
    lv_img_decoder_delete                    0x0801dc8d   Thumb Code    20  lv_img_decoder.o(.text)
    lv_font_get_glyph_bitmap                 0x0801dca5   Thumb Code    16  lv_font.o(.text)
    lv_font_get_glyph_dsc                    0x0801dcb5   Thumb Code    30  lv_font.o(.text)
    lv_font_get_glyph_width                  0x0801dcd3   Thumb Code    34  lv_font.o(.text)
    lv_font_get_bitmap_fmt_txt               0x0801e1dd   Thumb Code   272  lv_font_fmt_txt.o(.text)
    lv_font_get_glyph_dsc_fmt_txt            0x0801e3f9   Thumb Code   186  lv_font_fmt_txt.o(.text)
    _lv_font_clean_up_fmt_txt                0x0801e4b3   Thumb Code    24  lv_font_fmt_txt.o(.text)
    lv_disp_drv_init                         0x0801e4e9   Thumb Code    80  lv_hal_disp.o(.text)
    lv_disp_buf_init                         0x0801e539   Thumb Code    34  lv_hal_disp.o(.text)
    lv_disp_is_double_buf                    0x0801e55b   Thumb Code    22  lv_hal_disp.o(.text)
    lv_disp_is_true_double_buf               0x0801e571   Thumb Code    36  lv_hal_disp.o(.text)
    lv_disp_drv_register                     0x0801e595   Thumb Code   282  lv_hal_disp.o(.text)
    lv_disp_get_default                      0x0801e6af   Thumb Code     6  lv_hal_disp.o(.text)
    lv_disp_get_ver_res                      0x0801e6b5   Thumb Code    40  lv_hal_disp.o(.text)
    lv_disp_get_hor_res                      0x0801e6dd   Thumb Code    40  lv_hal_disp.o(.text)
    lv_disp_drv_update                       0x0801e705   Thumb Code    76  lv_hal_disp.o(.text)
    lv_disp_set_default                      0x0801e751   Thumb Code     6  lv_hal_disp.o(.text)
    lv_disp_remove                           0x0801e757   Thumb Code    82  lv_hal_disp.o(.text)
    lv_disp_get_antialiasing                 0x0801e7a9   Thumb Code    26  lv_hal_disp.o(.text)
    lv_disp_get_dpi                          0x0801e7c3   Thumb Code    26  lv_hal_disp.o(.text)
    lv_disp_get_size_category                0x0801e7dd   Thumb Code    74  lv_hal_disp.o(.text)
    lv_disp_flush_ready                      0x0801e827   Thumb Code    12  lv_hal_disp.o(.text)
    lv_disp_flush_is_last                    0x0801e833   Thumb Code    16  lv_hal_disp.o(.text)
    lv_disp_get_next                         0x0801e843   Thumb Code    24  lv_hal_disp.o(.text)
    lv_disp_get_buf                          0x0801e85b   Thumb Code     6  lv_hal_disp.o(.text)
    lv_disp_get_inv_buf_size                 0x0801e861   Thumb Code    12  lv_hal_disp.o(.text)
    _lv_disp_pop_from_inv_buf                0x0801e86d   Thumb Code    46  lv_hal_disp.o(.text)
    lv_indev_drv_init                        0x0801e8bd   Thumb Code    42  lv_hal_indev.o(.text)
    lv_indev_drv_register                    0x0801e8e7   Thumb Code   120  lv_hal_indev.o(.text)
    lv_indev_drv_update                      0x0801e95f   Thumb Code    18  lv_hal_indev.o(.text)
    lv_indev_get_next                        0x0801e971   Thumb Code    24  lv_hal_indev.o(.text)
    _lv_indev_read                           0x0801e989   Thumb Code    76  lv_hal_indev.o(.text)
    lv_tick_inc                              0x0801e9ed   Thumb Code    18  lv_hal_tick.o(.text)
    lv_tick_get                              0x0801e9ff   Thumb Code    22  lv_hal_tick.o(.text)
    lv_tick_elaps                            0x0801ea15   Thumb Code    26  lv_hal_tick.o(.text)
    lv_anim_path_linear                      0x0801eb15   Thumb Code    48  lv_anim.o(.text)
    _lv_anim_core_init                       0x0801ec39   Thumb Code    46  lv_anim.o(.text)
    lv_anim_init                             0x0801ec67   Thumb Code    66  lv_anim.o(.text)
    lv_anim_del                              0x0801eca9   Thumb Code    80  lv_anim.o(.text)
    lv_anim_start                            0x0801ecf9   Thumb Code   122  lv_anim.o(.text)
    lv_anim_get                              0x0801ed73   Thumb Code    50  lv_anim.o(.text)
    lv_anim_count_running                    0x0801eda5   Thumb Code    36  lv_anim.o(.text)
    lv_anim_speed_to_time                    0x0801edc9   Thumb Code    48  lv_anim.o(.text)
    lv_anim_refr_now                         0x0801edf9   Thumb Code    10  lv_anim.o(.text)
    lv_anim_path_ease_in                     0x0801ee03   Thumb Code   116  lv_anim.o(.text)
    lv_anim_path_ease_out                    0x0801ee77   Thumb Code    74  lv_anim.o(.text)
    lv_anim_path_ease_in_out                 0x0801eec1   Thumb Code    76  lv_anim.o(.text)
    lv_anim_path_overshoot                   0x0801ef0d   Thumb Code    78  lv_anim.o(.text)
    lv_anim_path_bounce                      0x0801ef5b   Thumb Code   240  lv_anim.o(.text)
    lv_anim_path_step                        0x0801f04b   Thumb Code    22  lv_anim.o(.text)
    lv_area_set                              0x0801f061   Thumb Code    14  lv_area.o(.text)
    lv_area_set_width                        0x0801f06f   Thumb Code    12  lv_area.o(.text)
    lv_area_set_height                       0x0801f07b   Thumb Code    12  lv_area.o(.text)
    _lv_area_set_pos                         0x0801f087   Thumb Code    50  lv_area.o(.text)
    lv_area_get_size                         0x0801f0b9   Thumb Code    34  lv_area.o(.text)
    _lv_area_intersect                       0x0801f0db   Thumb Code   130  lv_area.o(.text)
    _lv_area_join                            0x0801f15d   Thumb Code   100  lv_area.o(.text)
    _lv_area_is_point_on                     0x0801f211   Thumb Code   402  lv_area.o(.text)
    _lv_area_is_on                           0x0801f3a3   Thumb Code    58  lv_area.o(.text)
    _lv_area_is_in                           0x0801f3dd   Thumb Code   182  lv_area.o(.text)
    _lv_area_align                           0x0801f493   Thumb Code   868  lv_area.o(.text)
    lv_async_call                            0x0801f829   Thumb Code    68  lv_async.o(.text)
    lv_color_fill                            0x0801f93f   Thumb Code    92  lv_color.o(.text)
    lv_color_lighten                         0x0801f99b   Thumb Code    34  lv_color.o(.text)
    lv_color_darken                          0x0801f9bd   Thumb Code    32  lv_color.o(.text)
    lv_color_hsv_to_rgb                      0x0801f9dd   Thumb Code   248  lv_color.o(.text)
    lv_color_rgb_to_hsv                      0x0801fad5   Thumb Code   272  lv_color.o(.text)
    lv_color_to_hsv                          0x0801fbe5   Thumb Code   116  lv_color.o(.text)
    lv_debug_check_null                      0x0801fc5d   Thumb Code    12  lv_debug.o(.text)
    lv_debug_check_mem_integrity             0x0801fc69   Thumb Code    16  lv_debug.o(.text)
    lv_debug_check_str                       0x0801fc79   Thumb Code    78  lv_debug.o(.text)
    lv_debug_log_error                       0x0801fcc7   Thumb Code   120  lv_debug.o(.text)
    _lv_gc_clear_roots                       0x0801fd45   Thumb Code   148  lv_gc.o(.text)
    _lv_ll_init                              0x0801fe21   Thumb Code    16  lv_ll.o(.text)
    _lv_ll_ins_head                          0x0801fe67   Thumb Code    64  lv_ll.o(.text)
    _lv_ll_get_prev                          0x0801fea7   Thumb Code    18  lv_ll.o(.text)
    _lv_ll_get_head                          0x0801feb9   Thumb Code    10  lv_ll.o(.text)
    _lv_ll_ins_prev                          0x0801fec3   Thumb Code   116  lv_ll.o(.text)
    _lv_ll_ins_tail                          0x0801ff37   Thumb Code    64  lv_ll.o(.text)
    _lv_ll_get_next                          0x0801ff77   Thumb Code    20  lv_ll.o(.text)
    _lv_ll_get_tail                          0x0801ff8b   Thumb Code    10  lv_ll.o(.text)
    _lv_ll_remove                            0x0801ff95   Thumb Code   138  lv_ll.o(.text)
    _lv_ll_clear                             0x0802001f   Thumb Code    48  lv_ll.o(.text)
    _lv_ll_chg_list                          0x0802004f   Thumb Code   112  lv_ll.o(.text)
    _lv_ll_get_len                           0x080200bf   Thumb Code    36  lv_ll.o(.text)
    _lv_ll_move_before                       0x080200e3   Thumb Code   106  lv_ll.o(.text)
    _lv_ll_is_empty                          0x0802014d   Thumb Code    24  lv_ll.o(.text)
    _lv_trigo_sin                            0x08020165   Thumb Code   106  lv_math.o(.text)
    _lv_bezier3                              0x080201cf   Thumb Code    94  lv_math.o(.text)
    _lv_sqrt                                 0x0802022d   Thumb Code    40  lv_math.o(.text)
    _lv_atan2                                0x08020255   Thumb Code   190  lv_math.o(.text)
    _lv_pow                                  0x08020313   Thumb Code    58  lv_math.o(.text)
    _lv_map                                  0x0802034d   Thumb Code    40  lv_math.o(.text)
    _lv_mem_init                             0x08020379   Thumb Code    38  lv_mem.o(.text)
    _lv_memset_00                            0x0802039f   Thumb Code   110  lv_mem.o(.text)
    _lv_mem_deinit                           0x0802040d   Thumb Code    40  lv_mem.o(.text)
    lv_mem_alloc                             0x080204d5   Thumb Code    90  lv_mem.o(.text)
    lv_mem_defrag                            0x0802052f   Thumb Code   110  lv_mem.o(.text)
    lv_mem_free                              0x0802059d   Thumb Code   118  lv_mem.o(.text)
    _lv_memcpy                               0x08020613   Thumb Code   656  lv_mem.o(.text)
    _lv_mem_get_size                         0x080208a3   Thumb Code    26  lv_mem.o(.text)
    lv_mem_realloc                           0x080208bd   Thumb Code   118  lv_mem.o(.text)
    lv_mem_test                              0x08020933   Thumb Code    70  lv_mem.o(.text)
    _lv_memset                               0x08020979   Thumb Code   116  lv_mem.o(.text)
    lv_mem_monitor                           0x080209ed   Thumb Code   150  lv_mem.o(.text)
    _lv_mem_buf_get                          0x08020a83   Thumb Code   292  lv_mem.o(.text)
    _lv_mem_buf_release                      0x08020ba7   Thumb Code    74  lv_mem.o(.text)
    _lv_mem_buf_free_all                     0x08020bf1   Thumb Code    78  lv_mem.o(.text)
    _lv_memset_ff                            0x08020c3f   Thumb Code   186  lv_mem.o(.text)
    lv_snprintf                              0x080215bf   Thumb Code    42  lv_printf.o(.text)
    lv_vsnprintf                             0x080215e9   Thumb Code    30  lv_printf.o(.text)
    lv_task_enable                           0x08021629   Thumb Code     6  lv_task.o(.text)
    _lv_task_core_init                       0x0802162f   Thumb Code    24  lv_task.o(.text)
    lv_task_del                              0x08021663   Thumb Code    40  lv_task.o(.text)
    lv_task_handler                          0x080216d5   Thumb Code   448  lv_task.o(.text)
    lv_task_create_basic                     0x08021895   Thumb Code   214  lv_task.o(.text)
    lv_task_set_prio                         0x0802196b   Thumb Code    94  lv_task.o(.text)
    lv_task_set_period                       0x080219c9   Thumb Code     4  lv_task.o(.text)
    lv_task_set_cb                           0x080219cd   Thumb Code     4  lv_task.o(.text)
    lv_task_create                           0x080219d1   Thumb Code   148  lv_task.o(.text)
    lv_task_ready                            0x08021a65   Thumb Code    18  lv_task.o(.text)
    lv_task_set_repeat_count                 0x08021a77   Thumb Code     4  lv_task.o(.text)
    lv_task_reset                            0x08021a7b   Thumb Code    12  lv_task.o(.text)
    lv_task_get_idle                         0x08021a87   Thumb Code     6  lv_task.o(.text)
    lv_task_get_next                         0x08021a8d   Thumb Code    24  lv_task.o(.text)
    _lv_txt_is_cmd                           0x08021ac5   Thumb Code    66  lv_txt.o(.text)
    _lv_txt_get_width                        0x08021b07   Thumb Code   140  lv_txt.o(.text)
    _lv_txt_get_next_line                    0x08021cd9   Thumb Code   240  lv_txt.o(.text)
    _lv_txt_get_size                         0x08021dc9   Thumb Code   240  lv_txt.o(.text)
    _lv_txt_ins                              0x08021eb9   Thumb Code    80  lv_txt.o(.text)
    _lv_txt_cut                              0x08021f09   Thumb Code    66  lv_txt.o(.text)
    _lv_txt_set_text_vfmt                    0x08021f4b   Thumb Code    92  lv_txt.o(.text)
    _lv_utils_num_to_str                     0x0802230d   Thumb Code   128  lv_utils.o(.text)
    _lv_utils_bsearch                        0x0802238d   Thumb Code    84  lv_utils.o(.text)
    lv_theme_set_act                         0x080223e1   Thumb Code     6  lv_theme.o(.text)
    lv_theme_get_act                         0x080223e7   Thumb Code     6  lv_theme.o(.text)
    lv_theme_apply                           0x0802277d   Thumb Code    28  lv_theme.o(.text)
    lv_theme_copy                            0x08022799   Thumb Code    64  lv_theme.o(.text)
    lv_theme_set_base                        0x080227d9   Thumb Code     4  lv_theme.o(.text)
    lv_theme_set_apply_cb                    0x080227dd   Thumb Code     4  lv_theme.o(.text)
    lv_theme_get_font_small                  0x080227e1   Thumb Code     8  lv_theme.o(.text)
    lv_theme_get_font_normal                 0x080227e9   Thumb Code     8  lv_theme.o(.text)
    lv_theme_get_font_subtitle               0x080227f1   Thumb Code     8  lv_theme.o(.text)
    lv_theme_get_font_title                  0x080227f9   Thumb Code     8  lv_theme.o(.text)
    lv_theme_get_color_primary               0x08022801   Thumb Code    18  lv_theme.o(.text)
    lv_theme_get_color_secondary             0x08022813   Thumb Code    18  lv_theme.o(.text)
    lv_theme_get_flags                       0x08022825   Thumb Code     8  lv_theme.o(.text)
    lv_theme_material_init                   0x0802798f   Thumb Code   222  lv_theme_material.o(.text)
    lv_btn_set_state                         0x08027e73   Thumb Code   150  lv_btn.o(.text)
    lv_btn_get_checkable                     0x08027f09   Thumb Code    46  lv_btn.o(.text)
    lv_btn_create                            0x08028033   Thumb Code   234  lv_btn.o(.text)
    lv_btn_set_checkable                     0x0802811d   Thumb Code    44  lv_btn.o(.text)
    lv_btn_toggle                            0x08028149   Thumb Code    64  lv_btn.o(.text)
    lv_btn_get_state                         0x08028189   Thumb Code    94  lv_btn.o(.text)
    lv_chart_get_series_area                 0x08029189   Thumb Code    86  lv_chart.o(.text)
    lv_chart_create                          0x08029389   Thumb Code   486  lv_chart.o(.text)
    lv_chart_add_series                      0x0802956f   Thumb Code   270  lv_chart.o(.text)
    lv_chart_add_cursor                      0x0802967d   Thumb Code   108  lv_chart.o(.text)
    lv_chart_clear_series                    0x080296e9   Thumb Code   114  lv_chart.o(.text)
    lv_chart_set_div_line_count              0x0802975b   Thumb Code    84  lv_chart.o(.text)
    lv_chart_refresh                         0x080297af   Thumb Code    40  lv_chart.o(.text)
    lv_chart_set_y_range                     0x080297d7   Thumb Code   106  lv_chart.o(.text)
    lv_chart_set_type                        0x08029841   Thumb Code    66  lv_chart.o(.text)
    lv_chart_set_point_count                 0x08029883   Thumb Code   344  lv_chart.o(.text)
    lv_chart_init_points                     0x080299db   Thumb Code   108  lv_chart.o(.text)
    lv_chart_set_points                      0x08029a47   Thumb Code   100  lv_chart.o(.text)
    lv_chart_set_next                        0x08029c1b   Thumb Code   190  lv_chart.o(.text)
    lv_chart_set_update_mode                 0x08029cd9   Thumb Code    70  lv_chart.o(.text)
    lv_chart_set_x_tick_length               0x08029d1f   Thumb Code    58  lv_chart.o(.text)
    lv_chart_set_y_tick_length               0x08029d59   Thumb Code    58  lv_chart.o(.text)
    lv_chart_set_secondary_y_tick_length     0x08029d93   Thumb Code    58  lv_chart.o(.text)
    lv_chart_set_x_tick_texts                0x08029dcd   Thumb Code    90  lv_chart.o(.text)
    lv_chart_set_y_tick_texts                0x08029e27   Thumb Code    90  lv_chart.o(.text)
    lv_chart_set_secondary_y_tick_texts      0x08029e81   Thumb Code    90  lv_chart.o(.text)
    lv_chart_set_x_start_point               0x08029edb   Thumb Code   100  lv_chart.o(.text)
    lv_chart_set_ext_array                   0x08029f3f   Thumb Code   122  lv_chart.o(.text)
    lv_chart_set_point_id                    0x08029fb9   Thumb Code   106  lv_chart.o(.text)
    lv_chart_set_series_axis                 0x0802a023   Thumb Code   100  lv_chart.o(.text)
    lv_chart_set_cursor_point                0x0802a087   Thumb Code    52  lv_chart.o(.text)
    lv_chart_get_type                        0x0802a0bb   Thumb Code    46  lv_chart.o(.text)
    lv_chart_get_point_count                 0x0802a0e9   Thumb Code    44  lv_chart.o(.text)
    lv_chart_get_x_start_point               0x0802a115   Thumb Code    36  lv_chart.o(.text)
    lv_chart_get_point_id                    0x0802a139   Thumb Code    92  lv_chart.o(.text)
    lv_chart_get_series_axis                 0x0802a195   Thumb Code    42  lv_chart.o(.text)
    lv_chart_get_cursor_point                0x0802a1bf   Thumb Code    40  lv_chart.o(.text)
    lv_chart_get_nearest_index_from_coord    0x0802a1e7   Thumb Code   110  lv_chart.o(.text)
    lv_chart_get_x_from_index                0x0802a255   Thumb Code   260  lv_chart.o(.text)
    lv_chart_get_y_from_index                0x0802a359   Thumb Code   172  lv_chart.o(.text)
    lv_cont_get_layout                       0x0802a983   Thumb Code    46  lv_cont.o(.text)
    lv_cont_create                           0x0802b10d   Thumb Code   284  lv_cont.o(.text)
    lv_cont_set_layout                       0x0802b229   Thumb Code    76  lv_cont.o(.text)
    lv_cont_set_fit4                         0x0802b275   Thumb Code   146  lv_cont.o(.text)
    lv_cont_get_fit_left                     0x0802b307   Thumb Code    48  lv_cont.o(.text)
    lv_cont_get_fit_right                    0x0802b337   Thumb Code    46  lv_cont.o(.text)
    lv_cont_get_fit_top                      0x0802b365   Thumb Code    48  lv_cont.o(.text)
    lv_cont_get_fit_bottom                   0x0802b395   Thumb Code    48  lv_cont.o(.text)
    lv_img_get_auto_size                     0x0802b48d   Thumb Code    46  lv_img.o(.text)
    lv_img_set_src                           0x0802b4bb   Thumb Code   468  lv_img.o(.text)
    lv_img_create                            0x0802c015   Thumb Code   362  lv_img.o(.text)
    lv_img_set_auto_size                     0x0802c17f   Thumb Code    52  lv_img.o(.text)
    lv_img_set_offset_x                      0x0802c1b3   Thumb Code    64  lv_img.o(.text)
    lv_img_set_offset_y                      0x0802c1f3   Thumb Code    64  lv_img.o(.text)
    lv_img_set_pivot                         0x0802c233   Thumb Code   284  lv_img.o(.text)
    lv_img_set_angle                         0x0802c34f   Thumb Code   284  lv_img.o(.text)
    lv_img_set_zoom                          0x0802c46b   Thumb Code   286  lv_img.o(.text)
    lv_img_set_antialias                     0x0802c589   Thumb Code    38  lv_img.o(.text)
    lv_img_get_src                           0x0802c5af   Thumb Code    44  lv_img.o(.text)
    lv_img_get_file_name                     0x0802c5db   Thumb Code    60  lv_img.o(.text)
    lv_img_get_offset_x                      0x0802c617   Thumb Code    46  lv_img.o(.text)
    lv_img_get_offset_y                      0x0802c645   Thumb Code    46  lv_img.o(.text)
    lv_img_get_pivot                         0x0802c673   Thumb Code    50  lv_img.o(.text)
    lv_img_get_angle                         0x0802c6a5   Thumb Code    44  lv_img.o(.text)
    lv_img_get_zoom                          0x0802c6d1   Thumb Code    44  lv_img.o(.text)
    lv_img_get_antialias                     0x0802c6fd   Thumb Code    48  lv_img.o(.text)
    lv_imgbtn_create                         0x0802cc4b   Thumb Code   216  lv_imgbtn.o(.text)
    lv_imgbtn_set_src                        0x0802cd23   Thumb Code    64  lv_imgbtn.o(.text)
    lv_imgbtn_set_state                      0x0802cd63   Thumb Code    22  lv_imgbtn.o(.text)
    lv_imgbtn_toggle                         0x0802cd79   Thumb Code    18  lv_imgbtn.o(.text)
    lv_imgbtn_get_src                        0x0802cd8b   Thumb Code    48  lv_imgbtn.o(.text)
    lv_label_get_text                        0x0802cefd   Thumb Code    42  lv_label.o(.text)
    lv_label_get_align                       0x0802cf27   Thumb Code    54  lv_label.o(.text)
    lv_label_get_letter_on                   0x0802cfbb   Thumb Code   616  lv_label.o(.text)
    lv_label_refr_text                       0x0802d253   Thumb Code  1484  lv_label.o(.text)
    lv_label_set_text_static                 0x0802d81f   Thumb Code    86  lv_label.o(.text)
    lv_label_set_text                        0x0802d875   Thumb Code   252  lv_label.o(.text)
    lv_label_set_align                       0x0802d971   Thumb Code    72  lv_label.o(.text)
    lv_label_get_recolor                     0x0802d9b9   Thumb Code    48  lv_label.o(.text)
    lv_label_set_recolor                     0x0802d9e9   Thumb Code    72  lv_label.o(.text)
    lv_label_get_long_mode                   0x0802da31   Thumb Code    48  lv_label.o(.text)
    lv_label_set_long_mode                   0x0802daf1   Thumb Code   156  lv_label.o(.text)
    lv_label_get_style                       0x0802db8d   Thumb Code    18  lv_label.o(.text)
    lv_label_get_text_sel_end                0x0802dc99   Thumb Code    38  lv_label.o(.text)
    lv_label_get_text_sel_start              0x0802dcbf   Thumb Code    90  lv_label.o(.text)
    lv_label_create                          0x0802df93   Thumb Code   490  lv_label.o(.text)
    lv_label_set_text_fmt                    0x0802e17d   Thumb Code   150  lv_label.o(.text)
    lv_label_set_anim_speed                  0x0802e213   Thumb Code    82  lv_label.o(.text)
    lv_label_set_text_sel_start              0x0802e265   Thumb Code    36  lv_label.o(.text)
    lv_label_set_text_sel_end                0x0802e289   Thumb Code    36  lv_label.o(.text)
    lv_label_get_anim_speed                  0x0802e2ad   Thumb Code    44  lv_label.o(.text)
    lv_label_get_letter_pos                  0x0802e2d9   Thumb Code   572  lv_label.o(.text)
    lv_label_is_char_under_pos               0x0802e515   Thumb Code   550  lv_label.o(.text)
    lv_label_ins_text                        0x0802e73b   Thumb Code   214  lv_label.o(.text)
    lv_label_cut_text                        0x0802e811   Thumb Code    90  lv_label.o(.text)
    lv_led_create                            0x0802eb01   Thumb Code   204  lv_led.o(.text)
    lv_led_set_bright                        0x0802ebcd   Thumb Code    72  lv_led.o(.text)
    lv_led_on                                0x0802ec15   Thumb Code    40  lv_led.o(.text)
    lv_led_off                               0x0802ec3d   Thumb Code    40  lv_led.o(.text)
    lv_led_get_bright                        0x0802ec65   Thumb Code    42  lv_led.o(.text)
    lv_led_toggle                            0x0802ec8f   Thumb Code    58  lv_led.o(.text)
    lv_page_get_scrollable                   0x0802ed23   Thumb Code    42  lv_page.o(.text)
    lv_page_set_scrollbar_mode               0x0802f157   Thumb Code   178  lv_page.o(.text)
    lv_page_get_anim_time                    0x0802f4e3   Thumb Code    44  lv_page.o(.text)
    lv_page_scroll_hor                       0x0802f50f   Thumb Code    96  lv_page.o(.text)
    lv_page_scroll_ver                       0x0802f56f   Thumb Code    96  lv_page.o(.text)
    lv_page_start_edge_flash                 0x0802faad   Thumb Code   238  lv_page.o(.text)
    lv_page_on_edge                          0x0802fd0b   Thumb Code   178  lv_page.o(.text)
    lv_page_create                           0x080301fb   Thumb Code   472  lv_page.o(.text)
    lv_page_clean                            0x080303d3   Thumb Code    46  lv_page.o(.text)
    lv_page_set_anim_time                    0x08030401   Thumb Code    44  lv_page.o(.text)
    lv_page_set_scroll_propagation           0x0803042d   Thumb Code    66  lv_page.o(.text)
    lv_page_set_edge_flash                   0x0803046f   Thumb Code    54  lv_page.o(.text)
    lv_page_get_scrollbar_mode               0x080304a5   Thumb Code    48  lv_page.o(.text)
    lv_page_get_scroll_propagation           0x080304d5   Thumb Code    48  lv_page.o(.text)
    lv_page_get_edge_flash                   0x08030505   Thumb Code    48  lv_page.o(.text)
    lv_page_get_width_fit                    0x08030535   Thumb Code   104  lv_page.o(.text)
    lv_page_get_height_fit                   0x0803059d   Thumb Code   148  lv_page.o(.text)
    lv_page_get_width_grid                   0x08030631   Thumb Code    58  lv_page.o(.text)
    lv_page_get_height_grid                  0x0803066b   Thumb Code    58  lv_page.o(.text)
    lv_page_glue_obj                         0x080306a5   Thumb Code    24  lv_page.o(.text)
    lv_page_focus                            0x080306bd   Thumb Code   588  lv_page.o(.text)
    lv_roller_get_auto_fit                   0x08030bb9   Thumb Code    48  lv_roller.o(.text)
    lv_roller_set_selected                   0x08030cf3   Thumb Code   126  lv_roller.o(.text)
    lv_roller_set_visible_row_count          0x0803103f   Thumb Code    94  lv_roller.o(.text)
    lv_roller_set_options                    0x0803109d   Thumb Code   308  lv_roller.o(.text)
    lv_roller_get_align                      0x08031303   Thumb Code    46  lv_roller.o(.text)
    lv_roller_create                         0x08031957   Thumb Code   458  lv_roller.o(.text)
    lv_roller_set_align                      0x08031b21   Thumb Code    64  lv_roller.o(.text)
    lv_roller_set_auto_fit                   0x08031b61   Thumb Code   160  lv_roller.o(.text)
    lv_roller_get_selected                   0x08031c01   Thumb Code    84  lv_roller.o(.text)
    lv_roller_get_selected_str               0x08031c55   Thumb Code   160  lv_roller.o(.text)
    lv_roller_get_option_cnt                 0x08031cf5   Thumb Code    70  lv_roller.o(.text)
    lv_roller_get_options                    0x08031d3b   Thumb Code    46  lv_roller.o(.text)
    ADS1292_SPI                              0x08031d99   Thumb Code    12  bsp_ads1292.o(.text)
    ADS1292_WR_REGS                          0x08031da5   Thumb Code   120  bsp_ads1292.o(.text)
    ADS1292_Send_CMD                         0x08031e1d   Thumb Code    38  bsp_ads1292.o(.text)
    ADS1292_PowerOnInit                      0x08031e43   Thumb Code   138  bsp_ads1292.o(.text)
    ADS1292_Init                             0x08031ecd   Thumb Code   274  bsp_ads1292.o(.text)
    ADS1292_Read_Data                        0x08031fdf   Thumb Code    54  bsp_ads1292.o(.text)
    ADS1292_Recv_Start                       0x08032015   Thumb Code    14  bsp_ads1292.o(.text)
    ADS1292_SET_REGBUFF                      0x08032023   Thumb Code   650  bsp_ads1292.o(.text)
    ADS1292_WRITE_REGBUFF                    0x080322ad   Thumb Code   156  bsp_ads1292.o(.text)
    ADS1292_Single_Test                      0x08032349   Thumb Code    38  bsp_ads1292.o(.text)
    ADS1292_Noise_Test                       0x0803236f   Thumb Code    38  bsp_ads1292.o(.text)
    ADS1292_Single_Read                      0x08032395   Thumb Code    36  bsp_ads1292.o(.text)
    Set_ADS1292_Collect                      0x080323b9   Thumb Code    82  bsp_ads1292.o(.text)
    MYDMA_Config                             0x08032469   Thumb Code   126  bsp_dma.o(.text)
    MYDMA_Enable                             0x080324e7   Thumb Code    70  bsp_dma.o(.text)
    my_memcpy                                0x08032531   Thumb Code    26  bsp_loop_buffer.o(.text)
    loop_buffer_create                       0x0803254b   Thumb Code    16  bsp_loop_buffer.o(.text)
    loop_buffer_write                        0x0803255b   Thumb Code    96  bsp_loop_buffer.o(.text)
    loop_buffer_read                         0x080325bb   Thumb Code   100  bsp_loop_buffer.o(.text)
    loop_buffer_free                         0x0803261f   Thumb Code    20  bsp_loop_buffer.o(.text)
    SPI1_ReadWriteByte                       0x08032635   Thumb Code    50  bsp_spi.o(.text)
    SPI1_Init                                0x08032667   Thumb Code   166  bsp_spi.o(.text)
    SPI1_SetSpeed                            0x0803270d   Thumb Code    36  bsp_spi.o(.text)
    SPI2_ReadWriteByte                       0x08032731   Thumb Code    50  bsp_spi.o(.text)
    SPI2_Init                                0x08032763   Thumb Code   204  bsp_spi.o(.text)
    TIM2_Init                                0x08032845   Thumb Code   102  bsp_timer.o(.text)
    ads1118_spi_write_read_byte              0x080328f7   Thumb Code    12  bsp_ads1118.o(.text)
    ads1118_init                             0x0803293b   Thumb Code    14  bsp_ads1118.o(.text)
    ads1118_get_voltage                      0x08032949   Thumb Code    50  bsp_ads1118.o(.text)
    ads1118_get_temperature                  0x0803297b   Thumb Code    80  bsp_ads1118.o(.text)
    arm_fir_f32                              0x080329dd   Thumb Code  1322  arm_fir_f32.o(.text)
    arm_fir_init_f32                         0x08032f07   Thumb Code    28  arm_fir_init_f32.o(.text)
    __aeabi_uldivmod                         0x08032f23   Thumb Code    98  uldiv.o(.text)
    __aeabi_memcpy                           0x08032f85   Thumb Code    36  memcpya.o(.text)
    __aeabi_memcpy4                          0x08032f85   Thumb Code     0  memcpya.o(.text)
    __aeabi_memcpy8                          0x08032f85   Thumb Code     0  memcpya.o(.text)
    __aeabi_memset                           0x08032fa9   Thumb Code    14  memseta.o(.text)
    __aeabi_memset4                          0x08032fa9   Thumb Code     0  memseta.o(.text)
    __aeabi_memset8                          0x08032fa9   Thumb Code     0  memseta.o(.text)
    __aeabi_memclr                           0x08032fb7   Thumb Code     4  memseta.o(.text)
    __aeabi_memclr4                          0x08032fb7   Thumb Code     0  memseta.o(.text)
    __aeabi_memclr8                          0x08032fb7   Thumb Code     0  memseta.o(.text)
    _memset$wrapper                          0x08032fbb   Thumb Code    18  memseta.o(.text)
    strncpy                                  0x08032fcd   Thumb Code    24  strncpy.o(.text)
    strlen                                   0x08032fe5   Thumb Code    14  strlen.o(.text)
    strcmp                                   0x08032ff3   Thumb Code    28  strcmp.o(.text)
    memcmp                                   0x0803300f   Thumb Code    26  memcmp.o(.text)
    strcpy                                   0x08033029   Thumb Code    18  strcpy.o(.text)
    __aeabi_dadd                             0x0803303b   Thumb Code   322  dadd.o(.text)
    __aeabi_dsub                             0x0803317d   Thumb Code     6  dadd.o(.text)
    __aeabi_drsub                            0x08033183   Thumb Code     6  dadd.o(.text)
    __aeabi_dmul                             0x08033189   Thumb Code   228  dmul.o(.text)
    __aeabi_i2d                              0x0803326d   Thumb Code    34  dflti.o(.text)
    __aeabi_ui2d                             0x0803328f   Thumb Code    26  dfltui.o(.text)
    __aeabi_d2iz                             0x080332a9   Thumb Code    62  dfixi.o(.text)
    __aeabi_d2uiz                            0x080332e7   Thumb Code    50  dfixui.o(.text)
    __aeabi_f2d                              0x08033319   Thumb Code    38  f2d.o(.text)
    __aeabi_cdcmpeq                          0x08033341   Thumb Code     0  cdcmple.o(.text)
    __aeabi_cdcmple                          0x08033341   Thumb Code    48  cdcmple.o(.text)
    __aeabi_cdrcmple                         0x08033371   Thumb Code    48  cdrcmple.o(.text)
    __aeabi_d2f                              0x080333a1   Thumb Code    56  d2f.o(.text)
    __aeabi_llsl                             0x080333d9   Thumb Code    30  llshl.o(.text)
    _ll_shift_l                              0x080333d9   Thumb Code     0  llshl.o(.text)
    __aeabi_llsr                             0x080333f7   Thumb Code    32  llushr.o(.text)
    _ll_ushift_r                             0x080333f7   Thumb Code     0  llushr.o(.text)
    __aeabi_lasr                             0x08033417   Thumb Code    36  llsshr.o(.text)
    _ll_sshift_r                             0x08033417   Thumb Code     0  llsshr.o(.text)
    __I$use$fp                               0x0803343b   Thumb Code     0  iusefp.o(.text)
    _float_round                             0x0803343b   Thumb Code    18  fepilogue.o(.text)
    _float_epilogue                          0x0803344d   Thumb Code    92  fepilogue.o(.text)
    _double_round                            0x080334a9   Thumb Code    30  depilogue.o(.text)
    _double_epilogue                         0x080334c7   Thumb Code   156  depilogue.o(.text)
    _dsqrt                                   0x08033563   Thumb Code   162  dsqrt.o(.text)
    __scatterload                            0x08033605   Thumb Code    28  init.o(.text)
    __scatterload_rt2                        0x08033605   Thumb Code     0  init.o(.text)
    __decompress                             0x08033629   Thumb Code     0  __dczerorl2.o(.text)
    __decompress1                            0x08033629   Thumb Code    86  __dczerorl2.o(.text)
    __0printf$5                              0x08033681   Thumb Code    22  printf5.o(i.__0printf$5)
    __1printf$5                              0x08033681   Thumb Code     0  printf5.o(i.__0printf$5)
    __2printf                                0x08033681   Thumb Code     0  printf5.o(i.__0printf$5)
    __0sprintf$5                             0x080336a1   Thumb Code    34  printf5.o(i.__0sprintf$5)
    __1sprintf$5                             0x080336a1   Thumb Code     0  printf5.o(i.__0sprintf$5)
    __2sprintf                               0x080336a1   Thumb Code     0  printf5.o(i.__0sprintf$5)
    __hardfp_sqrt                            0x080336c9   Thumb Code   122  sqrt.o(i.__hardfp_sqrt)
    __scatterload_copy                       0x08033743   Thumb Code    14  handlers.o(i.__scatterload_copy)
    __scatterload_null                       0x08033751   Thumb Code     2  handlers.o(i.__scatterload_null)
    __scatterload_zeroinit                   0x08033753   Thumb Code    14  handlers.o(i.__scatterload_zeroinit)
    __set_errno                              0x08033761   Thumb Code     6  errno.o(i.__set_errno)
    free                                     0x08033a39   Thumb Code    76  malloc.o(i.free)
    asc2_1206                                0x08033a88   Data        1140  lcd.o(.constdata)
    asc2_1608                                0x08033efc   Data        1520  lcd.o(.constdata)
    asc2_2412                                0x080344ec   Data        3420  lcd.o(.constdata)
    GT9147_CFG_TBL                           0x08035248   Data         184  gt9147.o(.constdata)
    GT9147_TPX_TBL                           0x08035300   Data          10  gt9147.o(.constdata)
    OTT_TPX_TBL                              0x0803530a   Data          10  ott2001a.o(.constdata)
    FT5206_TPX_TBL                           0x08035314   Data          10  ft5206.o(.constdata)
    TP_REMIND_MSG_TBL                        0x08035320   Data           4  touch.o(.constdata)
    FSMC_DefaultTimingStruct                 0x08035324   Data          28  stm32f4xx_fsmc.o(.constdata)
    arm_cfft_sR_f32_len16                    0x08035340   Data          16  ecg_lpf_filter.o(.constdata)
    arm_cfft_sR_f32_len32                    0x08035350   Data          16  ecg_lpf_filter.o(.constdata)
    arm_cfft_sR_f32_len64                    0x08035360   Data          16  ecg_lpf_filter.o(.constdata)
    arm_cfft_sR_f32_len128                   0x08035370   Data          16  ecg_lpf_filter.o(.constdata)
    arm_cfft_sR_f32_len256                   0x08035380   Data          16  ecg_lpf_filter.o(.constdata)
    arm_cfft_sR_f32_len512                   0x08035390   Data          16  ecg_lpf_filter.o(.constdata)
    arm_cfft_sR_f32_len1024                  0x080353a0   Data          16  ecg_lpf_filter.o(.constdata)
    arm_cfft_sR_f32_len2048                  0x080353b0   Data          16  ecg_lpf_filter.o(.constdata)
    arm_cfft_sR_f32_len4096                  0x080353c0   Data          16  ecg_lpf_filter.o(.constdata)
    fir32LP                                  0x080353d0   Data         204  ecg_lpf_filter.o(.constdata)
    ui_img_img_heart_big_png_data            0x0805a744   Data        2106  ui_img_img_heart_big_png.o(.constdata)
    ui_img_img_heart_big_png                 0x0805af80   Data          12  ui_img_img_heart_big_png.o(.constdata)
    ui_img_img_line_png_data                 0x0805af8c   Data        1344  ui_img_img_line_png.o(.constdata)
    ui_img_img_line_png                      0x0805b4cc   Data          12  ui_img_img_line_png.o(.constdata)
    ui_img_img_btn_bg_png_map                0x0805b4d8   Data       31212  ui_img_img_btn_bg_png.o(.constdata)
    ui_img_img_btn_bg_png                    0x08062ec4   Data          12  ui_img_img_btn_bg_png.o(.constdata)
    ui_img_img_btn_off_png_map               0x08062ed0   Data       24300  ui_img_img_btn_off_png.o(.constdata)
    ui_img_img_btn_off_png                   0x08068dbc   Data          12  ui_img_img_btn_off_png.o(.constdata)
    ui_img_img_btn_on_png_map                0x08068dc8   Data       24300  ui_img_img_btn_on_png.o(.constdata)
    ui_img_img_btn_on_png                    0x0806ecb4   Data          12  ui_img_img_btn_on_png.o(.constdata)
    _lv_bpp1_opa_table                       0x0806ecd0   Data           2  lv_draw_label.o(.constdata)
    _lv_bpp2_opa_table                       0x0806ecd2   Data           4  lv_draw_label.o(.constdata)
    _lv_bpp3_opa_table                       0x0806ecd6   Data           8  lv_draw_label.o(.constdata)
    _lv_bpp4_opa_table                       0x0806ecde   Data          16  lv_draw_label.o(.constdata)
    _lv_bpp8_opa_table                       0x0806ecee   Data         256  lv_draw_label.o(.constdata)
    lv_anim_path_def                         0x08076aa8   Data           8  lv_anim.o(.constdata)
    twiddleCoef_16                           0x08076bc4   Data         128  arm_common_tables.o(.constdata)
    twiddleCoef_32                           0x08076c44   Data         256  arm_common_tables.o(.constdata)
    twiddleCoef_64                           0x08076d44   Data         512  arm_common_tables.o(.constdata)
    twiddleCoef_128                          0x08076f44   Data        1024  arm_common_tables.o(.constdata)
    twiddleCoef_256                          0x08077344   Data        2048  arm_common_tables.o(.constdata)
    twiddleCoef_512                          0x08077b44   Data        4096  arm_common_tables.o(.constdata)
    twiddleCoef_1024                         0x08078b44   Data        8192  arm_common_tables.o(.constdata)
    twiddleCoef_2048                         0x0807ab44   Data       16384  arm_common_tables.o(.constdata)
    twiddleCoef_4096                         0x0807eb44   Data       32768  arm_common_tables.o(.constdata)
    armBitRevIndexTable16                    0x08086b44   Data          40  arm_common_tables.o(.constdata)
    armBitRevIndexTable32                    0x08086b6c   Data          96  arm_common_tables.o(.constdata)
    armBitRevIndexTable64                    0x08086bcc   Data         112  arm_common_tables.o(.constdata)
    armBitRevIndexTable128                   0x08086c3c   Data         416  arm_common_tables.o(.constdata)
    armBitRevIndexTable256                   0x08086ddc   Data         880  arm_common_tables.o(.constdata)
    armBitRevIndexTable512                   0x0808714c   Data         896  arm_common_tables.o(.constdata)
    armBitRevIndexTable1024                  0x080874cc   Data        3600  arm_common_tables.o(.constdata)
    armBitRevIndexTable2048                  0x080882dc   Data        7616  arm_common_tables.o(.constdata)
    armBitRevIndexTable4096                  0x0808a09c   Data        8064  arm_common_tables.o(.constdata)
    Region$$Table$$Base                      0x0808c0ec   Number         0  anon$$obj.o(Region$$Table)
    Region$$Table$$Limit                     0x0808c10c   Number         0  anon$$obj.o(Region$$Table)
    SystemCoreClock                          0x20000000   Data           4  system_stm32f4xx.o(.data)
    AHBPrescTable                            0x20000004   Data          16  system_stm32f4xx.o(.data)
    POINT_COLOR                              0x20000014   Data           2  lcd.o(.data)
    BACK_COLOR                               0x20000016   Data           2  lcd.o(.data)
    tp_dev                                   0x2000001c   Data          52  touch.o(.data)
    CMD_RDX                                  0x20000050   Data           1  touch.o(.data)
    CMD_RDY                                  0x20000051   Data           1  touch.o(.data)
    __stdout                                 0x20000058   Data           4  usart.o(.data)
    USART_RX_STA                             0x2000005c   Data           2  usart.o(.data)
    ecg_graph                                0x20000074   Data          16  ecg_data_process.o(.data)
    hr                                       0x20000088   Data          28  ecg_heart_rate.o(.data)
    thresh                                   0x200000a4   Data           2  ecg_heart_rate.o(.data)
    DataArrayCalHR                           0x200000a6   Data           8  ecg_heart_rate.o(.data)
    DiffDataArrayCalHR                       0x200000ae   Data           6  ecg_heart_rate.o(.data)
    QRScntflag                               0x200000b4   Data           1  ecg_heart_rate.o(.data)
    data                                     0x200000b8   Data           4  ecg_heart_rate.o(.data)
    chart                                    0x200000c8   Data           2  lv_chart_init.o(.data)
    state_pcb                                0x200000ca   Data           3  lv_chart_init.o(.data)
    roller_sel_style                         0x200000d0   Data           4  lv_chart_init.o(.data)
    roller_bg_style                          0x200000d4   Data           4  lv_chart_init.o(.data)
    Top_Content_style                        0x200000d8   Data           4  lv_chart_init.o(.data)
    Panel_Content_label_style                0x200000dc   Data           4  lv_chart_init.o(.data)
    TEMPNum_style                            0x200000e0   Data           4  lv_chart_init.o(.data)
    QRSNum_style                             0x200000e4   Data           4  lv_chart_init.o(.data)
    HRNum_style                              0x200000e8   Data           4  lv_chart_init.o(.data)
    chart_style                              0x200000ec   Data           4  lv_chart_init.o(.data)
    ui_BTN_Start_style                       0x200000f0   Data           4  lv_chart_init.o(.data)
    scr                                      0x200000f4   Data           4  lv_chart_init.o(.data)
    roller                                   0x200000f8   Data           4  lv_chart_init.o(.data)
    ui_Top_Content                           0x200000fc   Data           4  lv_chart_init.o(.data)
    menu_btn                                 0x20000100   Data           4  lv_chart_init.o(.data)
    back_btn                                 0x20000104   Data           4  lv_chart_init.o(.data)
    Right_Lead_state_led                     0x20000108   Data           4  lv_chart_init.o(.data)
    Left_Lead_state_led                      0x2000010c   Data           4  lv_chart_init.o(.data)
    ui_Panel_Content                         0x20000110   Data           4  lv_chart_init.o(.data)
    ui_IMG_Line_1                            0x20000114   Data           4  lv_chart_init.o(.data)
    ui_IMG_Line_2                            0x20000118   Data           4  lv_chart_init.o(.data)
    ui_IMG_Line_3                            0x2000011c   Data           4  lv_chart_init.o(.data)
    ui_Number_TEMP                           0x20000120   Data           4  lv_chart_init.o(.data)
    ui_Number_QRS                            0x20000124   Data           4  lv_chart_init.o(.data)
    ui_Number_HR                             0x20000128   Data           4  lv_chart_init.o(.data)
    ui_Label_TEMP                            0x2000012c   Data           4  lv_chart_init.o(.data)
    ui_Label_Centigrade                      0x20000130   Data           4  lv_chart_init.o(.data)
    ui_Label_QRS                             0x20000134   Data           4  lv_chart_init.o(.data)
    ui_Label_Width                           0x20000138   Data           4  lv_chart_init.o(.data)
    ui_Label_HR                              0x2000013c   Data           4  lv_chart_init.o(.data)
    ui_IMG_Heart                             0x20000140   Data           4  lv_chart_init.o(.data)
    chart1                                   0x20000144   Data           4  lv_chart_init.o(.data)
    series1                                  0x20000148   Data           4  lv_chart_init.o(.data)
    ui_IMG_BTN_Bg                            0x2000014c   Data           4  lv_chart_init.o(.data)
    ui_BTN_Start                             0x20000150   Data           4  lv_chart_init.o(.data)
    change                                   0x20000154   Data           4  lv_chart_init.o(.data)
    ui_font_Big_Number                       0x20000180   Data          24  ui_font_big_number.o(.data)
    lv_font_montserrat_14                    0x200001ec   Data          24  lv_font_montserrat_14.o(.data)
    lv_font_montserrat_18                    0x20000224   Data          24  lv_font_montserrat_18.o(.data)
    _lv_img_cache_array                      0x20000254   Data           4  lv_gc.o(.data)
    _lv_task_act                             0x20000258   Data           4  lv_gc.o(.data)
    _lv_theme_material_styles                0x2000025c   Data           4  lv_gc.o(.data)
    _lv_theme_template_styles                0x20000260   Data           4  lv_gc.o(.data)
    _lv_theme_mono_styles                    0x20000264   Data           4  lv_gc.o(.data)
    _lv_theme_empty_styles                   0x20000268   Data           4  lv_gc.o(.data)
    _lv_font_decompr_buf                     0x2000026c   Data           4  lv_gc.o(.data)
    _lv_txt_encoded_size                     0x200002a8   Data           4  lv_txt.o(.data)
    _lv_txt_unicode_to_encoded               0x200002ac   Data           4  lv_txt.o(.data)
    _lv_txt_encoded_conv_wc                  0x200002b0   Data           4  lv_txt.o(.data)
    _lv_txt_encoded_next                     0x200002b4   Data           4  lv_txt.o(.data)
    _lv_txt_encoded_prev                     0x200002b8   Data           4  lv_txt.o(.data)
    _lv_txt_encoded_get_byte_id              0x200002bc   Data           4  lv_txt.o(.data)
    _lv_txt_encoded_get_char_id              0x200002c0   Data           4  lv_txt.o(.data)
    _lv_txt_get_encoded_length               0x200002c4   Data           4  lv_txt.o(.data)
    Ads1292_Config1                          0x20000318   Data           1  bsp_ads1292.o(.data)
    Ads1292_Config2                          0x20000319   Data           5  bsp_ads1292.o(.data)
    Ads1292_Ch1set                           0x2000031e   Data           3  bsp_ads1292.o(.data)
    Ads1292_Ch2set                           0x20000321   Data           3  bsp_ads1292.o(.data)
    Ads1292_Rld_Sens                         0x20000324   Data           6  bsp_ads1292.o(.data)
    Ads1292_Loff_Sens                        0x2000032a   Data           6  bsp_ads1292.o(.data)
    Ads1292_Resp1                            0x20000330   Data           4  bsp_ads1292.o(.data)
    Ads1292_Resp2                            0x20000334   Data           3  bsp_ads1292.o(.data)
    __microlib_freelist                      0x20000338   Data           4  mvars.o(.data)
    lcddev                                   0x20000340   Data          14  lcd.o(.bss)
    USART_RX_BUF                             0x2000034e   Data         200  usart.o(.bss)
    ecg_info                                 0x2000043c   Data          12  ecg_data_process.o(.bss)
    ads1292_Cache                            0x20000448   Data           9  ecg_data_process.o(.bss)
    AdsInBuffer                              0x20000454   Data        1000  ecg_data_process.o(.bss)
    EcgOutBuffer                             0x2000083c   Data        1000  ecg_data_process.o(.bss)
    InFifoDev                                0x20000c24   Data          20  ecg_data_process.o(.bss)
    OutFifoDev                               0x20000c38   Data          20  ecg_data_process.o(.bss)
    data_to_send                             0x20000c4c   Data          13  ecg_data_process.o(.bss)
    heart_rate_fifo                          0x20000c5c   Data          20  ecg_heart_rate.o(.bss)
    rate_buffer                              0x20000c70   Data        1000  ecg_heart_rate.o(.bss)
    S                                        0x20001184   Data          12  ecg_lpf_filter.o(.bss)
    oper_fuc                                 0x200011a4   Data          16  lv_chart_init.o(.bss)
    _lv_task_ll                              0x200012b4   Data          12  lv_gc.o(.bss)
    _lv_disp_ll                              0x200012c0   Data          12  lv_gc.o(.bss)
    _lv_indev_ll                             0x200012cc   Data          12  lv_gc.o(.bss)
    _lv_drv_ll                               0x200012d8   Data          12  lv_gc.o(.bss)
    _lv_file_ll                              0x200012e4   Data          12  lv_gc.o(.bss)
    _lv_anim_ll                              0x200012f0   Data          12  lv_gc.o(.bss)
    _lv_group_ll                             0x200012fc   Data          12  lv_gc.o(.bss)
    _lv_img_defoder_ll                       0x20001308   Data          12  lv_gc.o(.bss)
    _lv_obj_style_trans_ll                   0x20001314   Data          12  lv_gc.o(.bss)
    _lv_mem_buf                              0x20001320   Data         128  lv_gc.o(.bss)
    _lv_draw_mask_list                       0x200013a0   Data         128  lv_gc.o(.bss)
    ADS1292_REG                              0x2000d468   Data          12  bsp_ads1292.o(.bss)
    __initial_sp                             0x2000f478   Data           0  startup_stm32f40_41xxx.o(STACK)



==============================================================================

Memory Map of the image

  Image Entry point : 0x08000189

  Load Region LR_IROM1 (Base: 0x08000000, Size: 0x0008c44c, Max: 0x00100000, ABSOLUTE, COMPRESSED[0x0008c1e4])

    Execution Region ER_IROM1 (Exec base: 0x08000000, Load base: 0x08000000, Size: 0x0008c10c, Max: 0x00100000, ABSOLUTE)

    Exec Addr    Load Addr    Size         Type   Attr      Idx    E Section Name        Object

    0x08000000   0x08000000   0x00000188   Data   RO         1157    RESET               startup_stm32f40_41xxx.o
    0x08000188   0x08000188   0x00000000   Code   RO         7160  * .ARM.Collect$$$$00000000  mc_w.l(entry.o)
    0x08000188   0x08000188   0x00000004   Code   RO         7492    .ARM.Collect$$$$00000001  mc_w.l(entry2.o)
    0x0800018c   0x0800018c   0x00000004   Code   RO         7495    .ARM.Collect$$$$00000004  mc_w.l(entry5.o)
    0x08000190   0x08000190   0x00000000   Code   RO         7497    .ARM.Collect$$$$00000008  mc_w.l(entry7b.o)
    0x08000190   0x08000190   0x00000000   Code   RO         7499    .ARM.Collect$$$$0000000A  mc_w.l(entry8b.o)
    0x08000190   0x08000190   0x00000008   Code   RO         7500    .ARM.Collect$$$$0000000B  mc_w.l(entry9a.o)
    0x08000198   0x08000198   0x00000000   Code   RO         7502    .ARM.Collect$$$$0000000D  mc_w.l(entry10a.o)
    0x08000198   0x08000198   0x00000000   Code   RO         7504    .ARM.Collect$$$$0000000F  mc_w.l(entry11a.o)
    0x08000198   0x08000198   0x00000004   Code   RO         7493    .ARM.Collect$$$$00002712  mc_w.l(entry2.o)
    0x0800019c   0x0800019c   0x000000ac   Code   RO            3    .text               main.o
    0x08000248   0x08000248   0x0000001a   Code   RO          484    .text               stm32f4xx_it.o
    0x08000262   0x08000262   0x00000002   PAD
    0x08000264   0x08000264   0x00000210   Code   RO          533    .text               system_stm32f4xx.o
    0x08000474   0x08000474   0x00000040   Code   RO          559    .text               led.o
    0x080004b4   0x080004b4   0x00004c80   Code   RO          579    .text               lcd.o
    0x08005134   0x08005134   0x00000104   Code   RO          617    .text               key.o
    0x08005238   0x08005238   0x0000025c   Code   RO          638    .text               myiic.o
    0x08005494   0x08005494   0x0000017a   Code   RO          661    .text               24cxx.o
    0x0800560e   0x0800560e   0x00000002   PAD
    0x08005610   0x08005610   0x00000254   Code   RO          684    .text               ctiic.o
    0x08005864   0x08005864   0x00000448   Code   RO          707    .text               gt9147.o
    0x08005cac   0x08005cac   0x00000388   Code   RO          735    .text               ott2001a.o
    0x08006034   0x08006034   0x0000032c   Code   RO          759    .text               ft5206.o
    0x08006360   0x08006360   0x000010e0   Code   RO          783    .text               touch.o
    0x08007440   0x08007440   0x0000005c   Code   RO          811    .text               timer.o
    0x0800749c   0x0800749c   0x000002f8   Code   RO         1043    .text               sram.o
    0x08007794   0x08007794   0x000000b8   Code   RO         1063    .text               lmt70.o
    0x0800784c   0x0800784c   0x00000170   Code   RO         1086    .text               delay.o
    0x080079bc   0x080079bc   0x00000148   Code   RO         1126    .text               usart.o
    0x08007b04   0x08007b04   0x00000024   Code   RO         1158    .text               startup_stm32f40_41xxx.o
    0x08007b28   0x08007b28   0x000000e0   Code   RO         1164    .text               misc.o
    0x08007c08   0x08007c08   0x00000294   Code   RO         1184    .text               stm32f4xx_gpio.o
    0x08007e9c   0x08007e9c   0x000005c8   Code   RO         1204    .text               stm32f4xx_fsmc.o
    0x08008464   0x08008464   0x0000065c   Code   RO         1227    .text               stm32f4xx_rcc.o
    0x08008ac0   0x08008ac0   0x00000094   Code   RO         1249    .text               stm32f4xx_syscfg.o
    0x08008b54   0x08008b54   0x00000454   Code   RO         1269    .text               stm32f4xx_usart.o
    0x08008fa8   0x08008fa8   0x00000ca2   Code   RO         1289    .text               stm32f4xx_tim.o
    0x08009c4a   0x08009c4a   0x00000002   PAD
    0x08009c4c   0x08009c4c   0x00000110   Code   RO         1309    .text               stm32f4xx_exti.o
    0x08009d5c   0x08009d5c   0x000003a8   Code   RO         1329    .text               stm32f4xx_dma.o
    0x0800a104   0x0800a104   0x00000480   Code   RO         1349    .text               stm32f4xx_spi.o
    0x0800a584   0x0800a584   0x0000007c   Code   RO         1369    .text               lv_port_disp.o
    0x0800a600   0x0800a600   0x0000007c   Code   RO         1655    .text               lv_port_indev.o
    0x0800a67c   0x0800a67c   0x000002f4   Code   RO         1679    .text               ecg_data_process.o
    0x0800a970   0x0800a970   0x000002b8   Code   RO         1714    .text               ecg_heart_rate.o
    0x0800ac28   0x0800ac28   0x00000108   Code   RO         1745    .text               ecg_lpf_filter.o
    0x0800ad30   0x0800ad30   0x00000ff4   Code   RO         1780    .text               lv_chart_init.o
    0x0800bd24   0x0800bd24   0x00000548   Code   RO         1998    .text               lv_disp.o
    0x0800c26c   0x0800c26c   0x000005ce   Code   RO         2126    .text               lv_group.o
    0x0800c83a   0x0800c83a   0x00000002   PAD
    0x0800c83c   0x0800c83c   0x00001a78   Code   RO         2242    .text               lv_indev.o
    0x0800e2b4   0x0800e2b4   0x00005390   Code   RO         2280    .text               lv_obj.o
    0x08013644   0x08013644   0x00000aac   Code   RO         2377    .text               lv_refr.o
    0x080140f0   0x080140f0   0x00000dc4   Code   RO         2432    .text               lv_style.o
    0x08014eb4   0x08014eb4   0x0000109c   Code   RO         2541    .text               lv_draw_blend.o
    0x08015f50   0x08015f50   0x00000b9c   Code   RO         2654    .text               lv_draw_img.o
    0x08016aec   0x08016aec   0x00000f6c   Code   RO         2734    .text               lv_draw_label.o
    0x08017a58   0x08017a58   0x00000b92   Code   RO         2818    .text               lv_draw_line.o
    0x080185ea   0x080185ea   0x00000002   PAD
    0x080185ec   0x080185ec   0x00001614   Code   RO         2899    .text               lv_draw_mask.o
    0x08019c00   0x08019c00   0x000025f0   Code   RO         2959    .text               lv_draw_rect.o
    0x0801c1f0   0x0801c1f0   0x00000fa8   Code   RO         3047    .text               lv_img_buf.o
    0x0801d198   0x0801d198   0x0000027c   Code   RO         3077    .text               lv_img_cache.o
    0x0801d414   0x0801d414   0x00000890   Code   RO         3116    .text               lv_img_decoder.o
    0x0801dca4   0x0801dca4   0x00000050   Code   RO         3153    .text               lv_font.o
    0x0801dcf4   0x0801dcf4   0x000007f4   Code   RO         3463    .text               lv_font_fmt_txt.o
    0x0801e4e8   0x0801e4e8   0x000003d4   Code   RO         3766    .text               lv_hal_disp.o
    0x0801e8bc   0x0801e8bc   0x00000130   Code   RO         3913    .text               lv_hal_indev.o
    0x0801e9ec   0x0801e9ec   0x0000004c   Code   RO         4026    .text               lv_hal_tick.o
    0x0801ea38   0x0801ea38   0x00000628   Code   RO         4049    .text               lv_anim.o
    0x0801f060   0x0801f060   0x000007b2   Code   RO         4140    .text               lv_area.o
    0x0801f812   0x0801f812   0x00000002   PAD
    0x0801f814   0x0801f814   0x0000005c   Code   RO         4159    .text               lv_async.o
    0x0801f870   0x0801f870   0x000003ec   Code   RO         4204    .text               lv_color.o
    0x0801fc5c   0x0801fc5c   0x000000e8   Code   RO         4220    .text               lv_debug.o
    0x0801fd44   0x0801fd44   0x000000dc   Code   RO         4245    .text               lv_gc.o
    0x0801fe20   0x0801fe20   0x00000344   Code   RO         4280    .text               lv_ll.o
    0x08020164   0x08020164   0x00000214   Code   RO         4298    .text               lv_math.o
    0x08020378   0x08020378   0x00000980   Code   RO         4315    .text               lv_mem.o
    0x08020cf8   0x08020cf8   0x00000930   Code   RO         4331    .text               lv_printf.o
    0x08021628   0x08021628   0x00000484   Code   RO         4343    .text               lv_task.o
    0x08021aac   0x08021aac   0x00000860   Code   RO         4366    .text               lv_txt.o
    0x0802230c   0x0802230c   0x000000d4   Code   RO         4445    .text               lv_utils.o
    0x080223e0   0x080223e0   0x00000450   Code   RO         4460    .text               lv_theme.o
    0x08022830   0x08022830   0x00005602   Code   RO         4756    .text               lv_theme_material.o
    0x08027e32   0x08027e32   0x00000002   PAD
    0x08027e34   0x08027e34   0x000003ec   Code   RO         5302    .text               lv_btn.o
    0x08028220   0x08028220   0x00002288   Code   RO         5491    .text               lv_chart.o
    0x0802a4a8   0x0802a4a8   0x00000fe2   Code   RO         5573    .text               lv_cont.o
    0x0802b48a   0x0802b48a   0x00000002   PAD
    0x0802b48c   0x0802b48c   0x00001340   Code   RO         5858    .text               lv_img.o
    0x0802c7cc   0x0802c7cc   0x000006b4   Code   RO         5875    .text               lv_imgbtn.o
    0x0802ce80   0x0802ce80   0x00001ab4   Code   RO         6051    .text               lv_label.o
    0x0802e934   0x0802e934   0x000003cc   Code   RO         6102    .text               lv_led.o
    0x0802ed00   0x0802ed00   0x00001cc0   Code   RO         6394    .text               lv_page.o
    0x080309c0   0x080309c0   0x000013d8   Code   RO         6478    .text               lv_roller.o
    0x08031d98   0x08031d98   0x000006d0   Code   RO         6881    .text               bsp_ads1292.o
    0x08032468   0x08032468   0x000000c8   Code   RO         6931    .text               bsp_dma.o
    0x08032530   0x08032530   0x00000102   Code   RO         6951    .text               bsp_loop_buffer.o
    0x08032632   0x08032632   0x00000002   PAD
    0x08032634   0x08032634   0x00000210   Code   RO         6971    .text               bsp_spi.o
    0x08032844   0x08032844   0x00000066   Code   RO         6991    .text               bsp_timer.o
    0x080328aa   0x080328aa   0x00000002   PAD
    0x080328ac   0x080328ac   0x00000130   Code   RO         7014    .text               bsp_ads1118.o
    0x080329dc   0x080329dc   0x0000052a   Code   RO         7034    .text               arm_cortexM4lf_math.lib(arm_fir_f32.o)
    0x08032f06   0x08032f06   0x0000001c   Code   RO         7079    .text               arm_cortexM4lf_math.lib(arm_fir_init_f32.o)
    0x08032f22   0x08032f22   0x00000062   Code   RO         7163    .text               mc_w.l(uldiv.o)
    0x08032f84   0x08032f84   0x00000024   Code   RO         7165    .text               mc_w.l(memcpya.o)
    0x08032fa8   0x08032fa8   0x00000024   Code   RO         7167    .text               mc_w.l(memseta.o)
    0x08032fcc   0x08032fcc   0x00000018   Code   RO         7171    .text               mc_w.l(strncpy.o)
    0x08032fe4   0x08032fe4   0x0000000e   Code   RO         7173    .text               mc_w.l(strlen.o)
    0x08032ff2   0x08032ff2   0x0000001c   Code   RO         7175    .text               mc_w.l(strcmp.o)
    0x0803300e   0x0803300e   0x0000001a   Code   RO         7177    .text               mc_w.l(memcmp.o)
    0x08033028   0x08033028   0x00000012   Code   RO         7179    .text               mc_w.l(strcpy.o)
    0x0803303a   0x0803303a   0x0000014e   Code   RO         7472    .text               mf_w.l(dadd.o)
    0x08033188   0x08033188   0x000000e4   Code   RO         7474    .text               mf_w.l(dmul.o)
    0x0803326c   0x0803326c   0x00000022   Code   RO         7476    .text               mf_w.l(dflti.o)
    0x0803328e   0x0803328e   0x0000001a   Code   RO         7478    .text               mf_w.l(dfltui.o)
    0x080332a8   0x080332a8   0x0000003e   Code   RO         7480    .text               mf_w.l(dfixi.o)
    0x080332e6   0x080332e6   0x00000032   Code   RO         7482    .text               mf_w.l(dfixui.o)
    0x08033318   0x08033318   0x00000026   Code   RO         7484    .text               mf_w.l(f2d.o)
    0x0803333e   0x0803333e   0x00000002   PAD
    0x08033340   0x08033340   0x00000030   Code   RO         7486    .text               mf_w.l(cdcmple.o)
    0x08033370   0x08033370   0x00000030   Code   RO         7488    .text               mf_w.l(cdrcmple.o)
    0x080333a0   0x080333a0   0x00000038   Code   RO         7490    .text               mf_w.l(d2f.o)
    0x080333d8   0x080333d8   0x0000001e   Code   RO         7508    .text               mc_w.l(llshl.o)
    0x080333f6   0x080333f6   0x00000020   Code   RO         7510    .text               mc_w.l(llushr.o)
    0x08033416   0x08033416   0x00000024   Code   RO         7512    .text               mc_w.l(llsshr.o)
    0x0803343a   0x0803343a   0x00000000   Code   RO         7523    .text               mc_w.l(iusefp.o)
    0x0803343a   0x0803343a   0x0000006e   Code   RO         7524    .text               mf_w.l(fepilogue.o)
    0x080334a8   0x080334a8   0x000000ba   Code   RO         7526    .text               mf_w.l(depilogue.o)
    0x08033562   0x08033562   0x000000a2   Code   RO         7530    .text               mf_w.l(dsqrt.o)
    0x08033604   0x08033604   0x00000024   Code   RO         7534    .text               mc_w.l(init.o)
    0x08033628   0x08033628   0x00000056   Code   RO         7544    .text               mc_w.l(__dczerorl2.o)
    0x0803367e   0x0803367e   0x00000002   PAD
    0x08033680   0x08033680   0x00000020   Code   RO         7316    i.__0printf$5       mc_w.l(printf5.o)
    0x080336a0   0x080336a0   0x00000028   Code   RO         7318    i.__0sprintf$5      mc_w.l(printf5.o)
    0x080336c8   0x080336c8   0x0000007a   Code   RO         7148    i.__hardfp_sqrt     m_wm.l(sqrt.o)
    0x08033742   0x08033742   0x0000000e   Code   RO         7538    i.__scatterload_copy  mc_w.l(handlers.o)
    0x08033750   0x08033750   0x00000002   Code   RO         7539    i.__scatterload_null  mc_w.l(handlers.o)
    0x08033752   0x08033752   0x0000000e   Code   RO         7540    i.__scatterload_zeroinit  mc_w.l(handlers.o)
    0x08033760   0x08033760   0x0000000c   Code   RO         7518    i.__set_errno       mc_w.l(errno.o)
    0x0803376c   0x0803376c   0x000002c0   Code   RO         7323    i._printf_core      mc_w.l(printf5.o)
    0x08033a2c   0x08033a2c   0x0000000a   Code   RO         7325    i._sputc            mc_w.l(printf5.o)
    0x08033a36   0x08033a36   0x00000002   PAD
    0x08033a38   0x08033a38   0x00000050   Code   RO         7444    i.free              mc_w.l(malloc.o)
    0x08033a88   0x08033a88   0x000017c0   Data   RO          581    .constdata          lcd.o
    0x08035248   0x08035248   0x000000c2   Data   RO          708    .constdata          gt9147.o
    0x0803530a   0x0803530a   0x0000000a   Data   RO          736    .constdata          ott2001a.o
    0x08035314   0x08035314   0x0000000a   Data   RO          760    .constdata          ft5206.o
    0x0803531e   0x0803531e   0x00000002   PAD
    0x08035320   0x08035320   0x00000004   Data   RO          784    .constdata          touch.o
    0x08035324   0x08035324   0x0000001c   Data   RO         1205    .constdata          stm32f4xx_fsmc.o
    0x08035340   0x08035340   0x0000015c   Data   RO         1747    .constdata          ecg_lpf_filter.o
    0x0803549c   0x0803549c   0x0000001a   Data   RO         1782    .constdata          lv_chart_init.o
    0x080354b6   0x080354b6   0x00000002   PAD
    0x080354b8   0x080354b8   0x0002528c   Data   RO         1935    .constdata          ui_font_big_number.o
    0x0805a744   0x0805a744   0x00000848   Data   RO         1945    .constdata          ui_img_img_heart_big_png.o
    0x0805af8c   0x0805af8c   0x0000054c   Data   RO         1958    .constdata          ui_img_img_line_png.o
    0x0805b4d8   0x0805b4d8   0x000079f8   Data   RO         1971    .constdata          ui_img_img_btn_bg_png.o
    0x08062ed0   0x08062ed0   0x00005ef8   Data   RO         1980    .constdata          ui_img_img_btn_off_png.o
    0x08068dc8   0x08068dc8   0x00005ef8   Data   RO         1989    .constdata          ui_img_img_btn_on_png.o
    0x0806ecc0   0x0806ecc0   0x00000002   Data   RO         2281    .constdata          lv_obj.o
    0x0806ecc2   0x0806ecc2   0x00000002   PAD
    0x0806ecc4   0x0806ecc4   0x0000000a   Data   RO         2655    .constdata          lv_draw_img.o
    0x0806ecce   0x0806ecce   0x00000002   PAD
    0x0806ecd0   0x0806ecd0   0x00000122   Data   RO         2736    .constdata          lv_draw_label.o
    0x0806edf2   0x0806edf2   0x00000021   Data   RO         2819    .constdata          lv_draw_line.o
    0x0806ee13   0x0806ee13   0x00000001   PAD
    0x0806ee14   0x0806ee14   0x00000002   Data   RO         2960    .constdata          lv_draw_rect.o
    0x0806ee16   0x0806ee16   0x00000002   PAD
    0x0806ee18   0x0806ee18   0x00003408   Data   RO         3592    .constdata          lv_font_montserrat_14.o
    0x08072220   0x08072220   0x00004880   Data   RO         3625    .constdata          lv_font_montserrat_18.o
    0x08076aa0   0x08076aa0   0x00000006   Data   RO         3767    .constdata          lv_hal_disp.o
    0x08076aa6   0x08076aa6   0x00000002   PAD
    0x08076aa8   0x08076aa8   0x00000008   Data   RO         4050    .constdata          lv_anim.o
    0x08076ab0   0x08076ab0   0x00000002   Data   RO         4205    .constdata          lv_color.o
    0x08076ab2   0x08076ab2   0x00000011   Data   RO         4221    .constdata          lv_debug.o
    0x08076ac3   0x08076ac3   0x00000001   PAD
    0x08076ac4   0x08076ac4   0x000000b6   Data   RO         4299    .constdata          lv_math.o
    0x08076b7a   0x08076b7a   0x00000002   PAD
    0x08076b7c   0x08076b7c   0x00000046   Data   RO         4758    .constdata          lv_theme_material.o
    0x08076bc2   0x08076bc2   0x00000002   PAD
    0x08076bc4   0x08076bc4   0x00000080   Data   RO         7100    .constdata          arm_cortexM4lf_math.lib(arm_common_tables.o)
    0x08076c44   0x08076c44   0x00000100   Data   RO         7101    .constdata          arm_cortexM4lf_math.lib(arm_common_tables.o)
    0x08076d44   0x08076d44   0x00000200   Data   RO         7102    .constdata          arm_cortexM4lf_math.lib(arm_common_tables.o)
    0x08076f44   0x08076f44   0x00000400   Data   RO         7103    .constdata          arm_cortexM4lf_math.lib(arm_common_tables.o)
    0x08077344   0x08077344   0x00000800   Data   RO         7104    .constdata          arm_cortexM4lf_math.lib(arm_common_tables.o)
    0x08077b44   0x08077b44   0x00001000   Data   RO         7105    .constdata          arm_cortexM4lf_math.lib(arm_common_tables.o)
    0x08078b44   0x08078b44   0x00002000   Data   RO         7106    .constdata          arm_cortexM4lf_math.lib(arm_common_tables.o)
    0x0807ab44   0x0807ab44   0x00004000   Data   RO         7107    .constdata          arm_cortexM4lf_math.lib(arm_common_tables.o)
    0x0807eb44   0x0807eb44   0x00008000   Data   RO         7108    .constdata          arm_cortexM4lf_math.lib(arm_common_tables.o)
    0x08086b44   0x08086b44   0x00000028   Data   RO         7113    .constdata          arm_cortexM4lf_math.lib(arm_common_tables.o)
    0x08086b6c   0x08086b6c   0x00000060   Data   RO         7114    .constdata          arm_cortexM4lf_math.lib(arm_common_tables.o)
    0x08086bcc   0x08086bcc   0x00000070   Data   RO         7115    .constdata          arm_cortexM4lf_math.lib(arm_common_tables.o)
    0x08086c3c   0x08086c3c   0x000001a0   Data   RO         7116    .constdata          arm_cortexM4lf_math.lib(arm_common_tables.o)
    0x08086ddc   0x08086ddc   0x00000370   Data   RO         7117    .constdata          arm_cortexM4lf_math.lib(arm_common_tables.o)
    0x0808714c   0x0808714c   0x00000380   Data   RO         7118    .constdata          arm_cortexM4lf_math.lib(arm_common_tables.o)
    0x080874cc   0x080874cc   0x00000e10   Data   RO         7119    .constdata          arm_cortexM4lf_math.lib(arm_common_tables.o)
    0x080882dc   0x080882dc   0x00001dc0   Data   RO         7120    .constdata          arm_cortexM4lf_math.lib(arm_common_tables.o)
    0x0808a09c   0x0808a09c   0x00001f80   Data   RO         7121    .constdata          arm_cortexM4lf_math.lib(arm_common_tables.o)
    0x0808c01c   0x0808c01c   0x00000079   Data   RO          785    .conststring        touch.o
    0x0808c095   0x0808c095   0x00000003   PAD
    0x0808c098   0x0808c098   0x00000051   Data   RO         4317    .conststring        lv_mem.o
    0x0808c0e9   0x0808c0e9   0x00000003   PAD
    0x0808c0ec   0x0808c0ec   0x00000020   Data   RO         7536    Region$$Table       anon$$obj.o


    Execution Region RW_IRAM2 (Exec base: 0x10000000, Load base: 0x0808c1e4, Size: 0x00000000, Max: 0x00010000, ABSOLUTE)

    **** No section assigned to this execution region ****


    Execution Region RW_IRAM1 (Exec base: 0x20000000, Load base: 0x0808c10c, Size: 0x0000f478, Max: 0x00020000, ABSOLUTE, COMPRESSED[0x000000d8])

    Exec Addr    Load Addr    Size         Type   Attr      Idx    E Section Name        Object

    0x20000000   COMPRESSED   0x00000014   Data   RW          534    .data               system_stm32f4xx.o
    0x20000014   COMPRESSED   0x00000004   Data   RW          582    .data               lcd.o
    0x20000018   COMPRESSED   0x00000001   Data   RW          618    .data               key.o
    0x20000019   COMPRESSED   0x00000001   Data   RW          709    .data               gt9147.o
    0x2000001a   COMPRESSED   0x00000001   Data   RW          737    .data               ott2001a.o
    0x2000001b   COMPRESSED   0x00000001   Data   RW          761    .data               ft5206.o
    0x2000001c   COMPRESSED   0x00000036   Data   RW          786    .data               touch.o
    0x20000052   COMPRESSED   0x00000004   Data   RW         1087    .data               delay.o
    0x20000056   COMPRESSED   0x00000002   PAD
    0x20000058   COMPRESSED   0x00000006   Data   RW         1128    .data               usart.o
    0x2000005e   COMPRESSED   0x00000010   Data   RW         1228    .data               stm32f4xx_rcc.o
    0x2000006e   COMPRESSED   0x00000004   Data   RW         1656    .data               lv_port_indev.o
    0x20000072   COMPRESSED   0x00000002   PAD
    0x20000074   COMPRESSED   0x00000012   Data   RW         1681    .data               ecg_data_process.o
    0x20000086   COMPRESSED   0x00000002   PAD
    0x20000088   COMPRESSED   0x00000034   Data   RW         1716    .data               ecg_heart_rate.o
    0x200000bc   COMPRESSED   0x0000000c   Data   RW         1748    .data               ecg_lpf_filter.o
    0x200000c8   COMPRESSED   0x00000095   Data   RW         1783    .data               lv_chart_init.o
    0x2000015d   COMPRESSED   0x00000003   PAD
    0x20000160   COMPRESSED   0x00000038   Data   RW         1936    .data               ui_font_big_number.o
    0x20000198   COMPRESSED   0x00000008   Data   RW         2243    .data               lv_indev.o
    0x200001a0   COMPRESSED   0x0000000c   Data   RW         2282    .data               lv_obj.o
    0x200001ac   COMPRESSED   0x00000008   Data   RW         2378    .data               lv_refr.o
    0x200001b4   COMPRESSED   0x00000008   Data   RW         2737    .data               lv_draw_label.o
    0x200001bc   COMPRESSED   0x00000002   Data   RW         3078    .data               lv_img_cache.o
    0x200001be   COMPRESSED   0x00000002   PAD
    0x200001c0   COMPRESSED   0x0000000c   Data   RW         3464    .data               lv_font_fmt_txt.o
    0x200001cc   COMPRESSED   0x00000038   Data   RW         3593    .data               lv_font_montserrat_14.o
    0x20000204   COMPRESSED   0x00000038   Data   RW         3626    .data               lv_font_montserrat_18.o
    0x2000023c   COMPRESSED   0x00000004   Data   RW         3768    .data               lv_hal_disp.o
    0x20000240   COMPRESSED   0x00000005   Data   RW         4027    .data               lv_hal_tick.o
    0x20000245   COMPRESSED   0x00000003   PAD
    0x20000248   COMPRESSED   0x0000000c   Data   RW         4051    .data               lv_anim.o
    0x20000254   COMPRESSED   0x0000001c   Data   RW         4247    .data               lv_gc.o
    0x20000270   COMPRESSED   0x0000001e   Data   RW         4318    .data               lv_mem.o
    0x2000028e   COMPRESSED   0x00000002   PAD
    0x20000290   COMPRESSED   0x00000018   Data   RW         4344    .data               lv_task.o
    0x200002a8   COMPRESSED   0x00000020   Data   RW         4367    .data               lv_txt.o
    0x200002c8   COMPRESSED   0x00000004   Data   RW         4461    .data               lv_theme.o
    0x200002cc   COMPRESSED   0x00000005   Data   RW         4759    .data               lv_theme_material.o
    0x200002d1   COMPRESSED   0x00000003   PAD
    0x200002d4   COMPRESSED   0x00000008   Data   RW         5303    .data               lv_btn.o
    0x200002dc   COMPRESSED   0x00000008   Data   RW         5492    .data               lv_chart.o
    0x200002e4   COMPRESSED   0x00000008   Data   RW         5574    .data               lv_cont.o
    0x200002ec   COMPRESSED   0x00000004   Data   RW         5859    .data               lv_img.o
    0x200002f0   COMPRESSED   0x00000008   Data   RW         5876    .data               lv_imgbtn.o
    0x200002f8   COMPRESSED   0x00000004   Data   RW         6052    .data               lv_label.o
    0x200002fc   COMPRESSED   0x00000008   Data   RW         6103    .data               lv_led.o
    0x20000304   COMPRESSED   0x00000008   Data   RW         6395    .data               lv_page.o
    0x2000030c   COMPRESSED   0x0000000c   Data   RW         6479    .data               lv_roller.o
    0x20000318   COMPRESSED   0x0000001f   Data   RW         6883    .data               bsp_ads1292.o
    0x20000337   COMPRESSED   0x00000001   PAD
    0x20000338   COMPRESSED   0x00000004   Data   RW         7514    .data               mc_w.l(mvars.o)
    0x2000033c   COMPRESSED   0x00000004   Data   RW         7519    .data               mc_w.l(errno.o)
    0x20000340        -       0x0000000e   Zero   RW          580    .bss                lcd.o
    0x2000034e        -       0x000000c8   Zero   RW         1127    .bss                usart.o
    0x20000416   COMPRESSED   0x00000002   PAD
    0x20000418        -       0x00000024   Zero   RW         1371    .bss                lv_port_disp.o
    0x2000043c        -       0x0000081d   Zero   RW         1680    .bss                ecg_data_process.o
    0x20000c59   COMPRESSED   0x00000003   PAD
    0x20000c5c        -       0x000003fc   Zero   RW         1715    .bss                ecg_heart_rate.o
    0x20001058        -       0x0000014c   Zero   RW         1746    .bss                ecg_lpf_filter.o
    0x200011a4        -       0x00000010   Zero   RW         1781    .bss                lv_chart_init.o
    0x200011b4        -       0x00000100   Zero   RW         2735    .bss                lv_draw_label.o
    0x200012b4        -       0x0000016c   Zero   RW         4246    .bss                lv_gc.o
    0x20001420        -       0x0000c020   Zero   RW         4316    .bss                lv_mem.o
    0x2000d440        -       0x00000028   Zero   RW         4757    .bss                lv_theme_material.o
    0x2000d468        -       0x0000000c   Zero   RW         6882    .bss                bsp_ads1292.o
    0x2000d474   COMPRESSED   0x00000004   PAD
    0x2000d478        -       0x00002000   Zero   RW         1155    STACK               startup_stm32f40_41xxx.o



  Load Region LR$$.ARM.__AT_0x68000000 (Base: 0x68000000, Size: 0x00000000, Max: 0x000bb800, ABSOLUTE)

    Execution Region ER$$.ARM.__AT_0x68000000 (Exec base: 0x68000000, Load base: 0x68000000, Size: 0x000bb800, Max: 0x000bb800, ABSOLUTE, UNINIT)

    Exec Addr    Load Addr    Size         Type   Attr      Idx    E Section Name        Object

    0x68000000        -       0x000bb800   Zero   RW         1370    .ARM.__AT_0x68000000  lv_port_disp.o


==============================================================================

Image component sizes


      Code (inc. data)   RO Data    RW Data    ZI Data      Debug   Object Name

       378          0          0          0          0       2810   24cxx.o
       304         18          0          0          0       1879   bsp_ads1118.o
      1744        168          0         31         12       4849   bsp_ads1292.o
       200          4          0          0          0       1340   bsp_dma.o
       258          0          0          0          0       2383   bsp_loop_buffer.o
       528         22          0          0          0       1602   bsp_spi.o
       102          0          0          0          0        676   bsp_timer.o
       596         24          0          0          0       2081   ctiic.o
       368         10          0          4          0       1661   delay.o
       756         58          0         18       2077       4785   ecg_data_process.o
       696         46          0         52       1020       3817   ecg_heart_rate.o
       264         38        348         12        332       3033   ecg_lpf_filter.o
       812         40         10          1          0       2523   ft5206.o
      1096         78        194          1          0       3078   gt9147.o
       260         12          0          1          0        872   key.o
     19584        174       6080          4         14      22846   lcd.o
        64          4          0          0          0        519   led.o
       184         38          0          0          0        951   lmt70.o
      1576         40          8         12          0      30159   lv_anim.o
         0          0          0          0          0      26536   lv_arc.o
      1970         22          0          0          0       6860   lv_area.o
        92          4          0          0          0       2566   lv_async.o
         0          0          0          0          0      21958   lv_bar.o
         0          0          0          0          0       1364   lv_bidi.o
      1004         64          0          8          0      15586   lv_btn.o
         0          0          0          0          0       3887   lv_calendar.o
         0          0          0          0          0        858   lv_canvas.o
      8840         74          0          8          0      68189   lv_chart.o
      4084        498         26        149         16      67741   lv_chart_init.o
      1004         10          2          0          0       9061   lv_color.o
      4066         54          0          8          0      46602   lv_cont.o
       232          6         17          0          0       2533   lv_debug.o
      1352         32          0          0          0      66896   lv_disp.o
         0          0          0          0          0      14734   lv_draw_arc.o
      4252         10          0          0          0      42636   lv_draw_blend.o
      2972         52         10          0          0      46508   lv_draw_img.o
      3948         54        290          8        256      34615   lv_draw_label.o
      2962          4         33          0          0      32489   lv_draw_line.o
      5652         74          0          0          0      19378   lv_draw_mask.o
      9712          8          2          0          0      43867   lv_draw_rect.o
         0          0          0          0          0      14360   lv_dropdown.o
        80          0          0          0          0       8999   lv_font.o
         0          0          0          0          0       7428   lv_font_dejavu_16_persian_hebrew.o
      2036         76          0         12          0       9761   lv_font_fmt_txt.o
         0          0      13320         56          0       2284   lv_font_montserrat_14.o
         0          0      18560         56          0       2284   lv_font_montserrat_18.o
         0          0          0          0          0      14196   lv_gauge.o
       220         72          0         28        364       6332   lv_gc.o
      1486         38          0          0          0      38453   lv_group.o
       980         34          6          4          0      34689   lv_hal_disp.o
       304         24          0          0          0      25231   lv_hal_indev.o
        76         10          0          5          0       1576   lv_hal_tick.o
      4928         52          0          4          0      39339   lv_img.o
      4008         32          0          0          0      19563   lv_img_buf.o
       636         28          0          2          0       7199   lv_img_cache.o
      2192         44          0          0          0      18789   lv_img_decoder.o
      1716         68          0          8          0      82479   lv_imgbtn.o
      6776         54          0          8          0      22810   lv_indev.o
      6836        158          0          4          0      62442   lv_label.o
       972         56          0          8          0      19051   lv_led.o
       836          0          0          0          0       5843   lv_ll.o
       532          4        182          0          0       3335   lv_math.o
      2432         94         81         30      49184       8127   lv_mem.o
     21392        234          2         12          0     135284   lv_obj.o
      7360        106          0          8          0      71741   lv_page.o
       124         20          0          0     768036      33912   lv_port_disp.o
       124         18          0          4          0       1193   lv_port_indev.o
      2352         10          0          0          0       8015   lv_printf.o
      2732         24          0          8          0      45932   lv_refr.o
      5080        150          0         12          0      46459   lv_roller.o
      3524         16          0          0          0      22985   lv_style.o
      1156         74          0         24          0       5654   lv_task.o
      1104         52          0          4          0      40653   lv_theme.o
     22018        500         70          5         40      66933   lv_theme_material.o
      2144         52          0         32          0      13051   lv_txt.o
       212          0          0          0          0       1589   lv_utils.o
       172         30          0          0          0     331319   main.o
       224         20          0          0          0       1809   misc.o
       604         14          0          0          0       1916   myiic.o
       904         66         10          1          0       2735   ott2001a.o
       760         20          0          0          0       1912   sram.o
        36          8        392          0       8192        816   startup_stm32f40_41xxx.o
       936         32          0          0          0       6381   stm32f4xx_dma.o
       272         10          0          0          0       2279   stm32f4xx_exti.o
      1480         18         28          0          0       5634   stm32f4xx_fsmc.o
       660         44          0          0          0       4149   stm32f4xx_gpio.o
        26          0          0          0          0       1218   stm32f4xx_it.o
      1628         52          0         16          0      13020   stm32f4xx_rcc.o
      1152         36          0          0          0       6897   stm32f4xx_spi.o
       148         12          0          0          0       1841   stm32f4xx_syscfg.o
      3234         60          0          0          0      23004   stm32f4xx_tim.o
      1108         34          0          0          0       7872   stm32f4xx_usart.o
       528         46          0         20          0       1759   system_stm32f4xx.o
        92          4          0          0          0      28330   timer.o
      4320        228        125         54          0       6841   touch.o
         0          0     152204         56          0        821   ui_font_big_number.o
         0          0      31224          0          0        658   ui_img_img_btn_bg_png.o
         0          0      24312          0          0        664   ui_img_img_btn_off_png.o
         0          0      24312          0          0        658   ui_img_img_btn_on_png.o
         0          0       2120          0          0        637   ui_img_img_heart_big_png.o
         0          0       1356          0          0        599   ui_img_img_line_png.o
       328         16          0          6        200       3282   usart.o

    ----------------------------------------------------------------------
    206912       4590     275380        824     829752    2071750   Object Totals
         0          0         32          0          0          0   (incl. Generated)
        20          0         24         20          9          0   (incl. Padding)

    ----------------------------------------------------------------------

      Code (inc. data)   RO Data    RW Data    ZI Data      Debug   Library Member Name

         0          0      87128          0          0       2517   arm_common_tables.o
      1322          4          0          0          0      18078   arm_fir_f32.o
        28          0          0          0          0        859   arm_fir_init_f32.o
       122          0          0          0          0        148   sqrt.o
        86          0          0          0          0          0   __dczerorl2.o
         0          0          0          0          0          0   entry.o
         0          0          0          0          0          0   entry10a.o
         0          0          0          0          0          0   entry11a.o
         8          4          0          0          0          0   entry2.o
         4          0          0          0          0          0   entry5.o
         0          0          0          0          0          0   entry7b.o
         0          0          0          0          0          0   entry8b.o
         8          4          0          0          0          0   entry9a.o
        12          6          0          4          0         68   errno.o
        30          0          0          0          0          0   handlers.o
        36          8          0          0          0         68   init.o
         0          0          0          0          0          0   iusefp.o
        30          0          0          0          0         68   llshl.o
        36          0          0          0          0         68   llsshr.o
        32          0          0          0          0         68   llushr.o
        80          4          0          0          0         76   malloc.o
        26          0          0          0          0         80   memcmp.o
        36          0          0          0          0         68   memcpya.o
        36          0          0          0          0        108   memseta.o
         0          0          0          4          0          0   mvars.o
       786         62          0          0          0        336   printf5.o
        28          0          0          0          0         76   strcmp.o
        18          0          0          0          0         68   strcpy.o
        14          0          0          0          0         68   strlen.o
        24          0          0          0          0         76   strncpy.o
        98          0          0          0          0         92   uldiv.o
        48          0          0          0          0         68   cdcmple.o
        48          0          0          0          0         68   cdrcmple.o
        56          0          0          0          0         88   d2f.o
       334          0          0          0          0        148   dadd.o
       186          0          0          0          0        176   depilogue.o
        62          0          0          0          0         80   dfixi.o
        50          0          0          0          0         76   dfixui.o
        34          0          0          0          0         76   dflti.o
        26          0          0          0          0         76   dfltui.o
       228          0          0          0          0         96   dmul.o
       162          0          0          0          0        100   dsqrt.o
        38          0          0          0          0         68   f2d.o
       110          0          0          0          0        168   fepilogue.o

    ----------------------------------------------------------------------
      4288         92      87128          8          0      24278   Library Totals
         6          0          0          0          0          0   (incl. Padding)

    ----------------------------------------------------------------------

      Code (inc. data)   RO Data    RW Data    ZI Data      Debug   Library Name

      1350          4      87128          0          0      21454   arm_cortexM4lf_math.lib
       122          0          0          0          0        148   m_wm.l
      1428         88          0          8          0       1388   mc_w.l
      1382          0          0          0          0       1288   mf_w.l

    ----------------------------------------------------------------------
      4288         92      87128          8          0      24278   Library Totals

    ----------------------------------------------------------------------

==============================================================================


      Code (inc. data)   RO Data    RW Data    ZI Data      Debug   

    211200       4682     362508        832     829752    2078456   Grand Totals
    211200       4682     362508        216     829752    2078456   ELF Image Totals (compressed)
    211200       4682     362508        216          0          0   ROM Totals

==============================================================================

    Total RO  Size (Code + RO Data)               573708 ( 560.26kB)
    Total RW  Size (RW Data + ZI Data)            830584 ( 811.12kB)
    Total ROM Size (Code + RO Data + RW Data)     573924 ( 560.47kB)

==============================================================================

